{ "type" : "variable", "table" : [{ "id" : "n", "value" : "1" }, { "id" : "p", "value" : "[[1],[1]]" }, { "id" : "q", "value" : "[]" }] }
