list  list  list  int S
list  list  int S1
list  int S2
int n
list  list  int p
list  int q
int s

from (# S = 1) do
  pop S1 S
  from (# S1 = 1) do
    pop S2 S1
    from (# S2 = 3) do
      pop s S2
    loop
      skip
    until (? S2)
  loop
    skip
  until (? S1)
loop
  skip
until (? S)
