{ "type" : "variable", "table" : [{ "id" : "a", "value" : "55" }, { "id" : "n", "value" : "0" }] }
