{ "type" : "code", "code" : "int n\nint v\nlist list list int v_\n\ninit v_ [5,5,3]\nif (null v_) then\n  skip\nelse\n  skip\nfi (1)\nv_[0,1,0] ^= 1\nfrom (v_[0,1,0]) do\n  if (v_[0,1,0]) then\n    swap v_[0,1,0] v_[1,1,1]\n  else\n  if (v_[1,1,1]) then\n    n ^= 10\n    swap v_[1,1,1] v_[1,1,2]\n  else\n  if (v_[1,1,2]) then\n    swap v_[1,1,2] v_[1,2,0]\n  else\n  if (v_[1,2,0] || v_[2,2,0]) then\n    if (v_[1,2,0]) then\n      swap v_[1,2,0] v_[2,2,1]\n    else\n      swap v_[2,2,0] v_[2,2,1]\n    fi (v = 0)\n  else\n  if (v_[2,2,1]) then\n    v += n\n    n -= 1\n    swap v_[2,2,1] v_[2,2,2]\n  else\n  if (v_[2,2,2]) then\n    if (n) then\n      swap v_[2,2,2] v_[2,2,0]\n    else\n      swap v_[2,2,2] v_[2,3,0]\n    fi (v_[2,2,0])\n  else\n  if (v_[2,3,0]) then\n    swap v_[2,3,0] v_[3,3,1]\n  else\n  if (v_[3,3,1]) then\n    skip\n    swap v_[3,3,1] v_[3,3,2]\n  else\n  if (v_[3,3,2]) then\n    swap v_[3,3,2] v_[3,4,0]\n  else\n  if (0) then\n    skip\n  else\n    skip\n  fi (1)\n  fi (v_[3,4,0])\n  fi (v_[3,3,2])\n  fi (v_[3,3,1])\n  fi (v_[2,2,0] || v_[2,3,0])\n  fi (v_[2,2,2])\n  fi (v_[2,2,1])\n  fi (v_[1,2,0])\n  fi (v_[1,1,2])\n  fi (v_[1,1,1])\nloop\n  skip\nuntil (v_[3,4,0])\nv_[3,4,0] ^= 1\nif (null v_) then\n  skip\nelse\n  skip\nfi (1)\nfree v_ [5,5,3]" }
