{ "type" : "code", "code" : "int i\nint n\nlist int q\n\nl0: entry\n  skip\ngoto l1\n\nl1: from l0\n  init q [10]\ngoto l14\n\nl14: from l1\n  skip\ngoto l15\n\nl15: from l14\n  q[2] += 1\ngoto l12\n\nl12: from l15\n  skip\ngoto l13\n\nl13: from l12\n  q[5] += 1\ngoto l10\n\nl10: from l13\n  skip\ngoto l11\n\nl11: from l10\n  q[9] += 1\ngoto l8\n\nl8: from l11\n  skip\ngoto l9\n\nl9: from l8\n  q[8] += 1\ngoto l6\n\nl6: from l9\n  skip\ngoto l7\n\nl7: fi (i = 0) l6 l19\n  skip\ngoto l16\n\nl16: from l7\n  n += (2 * q[size q - i - 1]) ** i\ngoto l20\n\nl20: from l16\n  skip\ngoto l21\n\nl21: from l20\n  i += 1\ngoto l17\n\nl17: from l21\n  skip\ngoto l4\n\nl18: from l4\n  skip\ngoto l19\n\nl19: from l18\n  skip\ngoto l7\n\nl4: from l17\n  skip\nif (i = size q) l5 l18\n\nl5: from l4\n  i -= size q\ngoto l2\n\nl2: from l5\n  skip\ngoto l3\n\nl3: from l2\n  skip\nexit" }
