{ "type" : "code", "code" : "int i\nint n\nlist  int q\n\nend: entry\n  i += # q\ngoto loop\n\nloop: fi (i = # q) end loop\n  i -= 1\n  n -= (2 * q[# q - i - 1]) ** i\nif (i = 0) init loop\n\ninit: from loop\n  pop n q\n  n -= 1\n  pop n q\n  pop n q\n  pop n q\n  n -= 1\n  pop n q\n  n -= 1\n  pop n q\n  pop n q\n  n -= 1\nexit" }
