int i
int n
list int q

l0: entry
  skip
goto l1

l1: from l0
  init q [10]
goto l14

l14: from l1
  skip
goto l15

l15: from l14
  q[2] += 1
goto l12

l12: from l15
  skip
goto l13

l13: from l12
  q[5] += 1
goto l10

l10: from l13
  skip
goto l11

l11: from l10
  q[9] += 1
goto l8

l8: from l11
  skip
goto l9

l9: from l8
  q[8] += 1
goto l6

l6: from l9
  skip
goto l7

l7: fi (i = 0) l6 l19
  skip
goto l16

l16: from l7
  n += (2 * q[size q - i - 1]) ** i
goto l20

l20: from l16
  skip
goto l21

l21: from l20
  i += 1
goto l17

l17: from l21
  skip
goto l4

l18: from l4
  skip
goto l19

l19: from l18
  skip
goto l7

l4: from l17
  skip
if (i = size q) l5 l18

l5: from l4
  i -= size q
goto l2

l2: from l5
  skip
goto l3

l3: from l2
  skip
exit
