{ "type" : "error", "position" : { "line" : 4, "column" : 3 }, "message" : "A runtime error occurred at (line 4, column 3):\nDivision by zero." }
