int n
int v

from (n = 0) do
  n += 1
  v /= n
until (v = 1)
v ^= 1
n ^= 5
