int n
int v
int w

init: entry
  n ^= 16
  w ^= 1
goto loop1

loop1: fi (v = 0) init loop1
  v += w
  swap v w
  n -= 1
if (n <= 1) contloop1 loop1

contloop1: from loop1
  skip
exit
