n : -92
v : 7540113804746346429
w : -6246583658587674878
