{ "type" : "variable", "table" : [{ "id" : "n", "value" : "-46" }, { "id" : "v", "value" : "1836311903" }, { "id" : "w", "value" : "-1323752223" }] }
