n : -91
v : -6246583658587674878
w : 7540113804746346429
