string r
string s
string t

r -= s - t
t -= "World!"
s -= "Hello World!"
