{ "type" : "code", "code" : "list  list  list  int S\nint n\n\ninit S [1,2,3]\nS[0,0,0] += 3\nn -= S[0,0,0]\nswap S[0,1,1] S[0,0,0]\nS[0,1,1] -= 3\nfree S [1,2,3]" }
