{ "type" : "code", "code" : "int a\nint b\nint c\n\nl0: entry\n  skip\ngoto l1\n\nl1: from l0\n  a += 5 <= 4\ngoto l6\n\nl6: from l1\n  skip\ngoto l7\n\nl7: from l6\n  b += 4 <= 4\ngoto l4\n\nl4: from l7\n  skip\ngoto l5\n\nl5: from l4\n  c += 4 <= 5\ngoto l2\n\nl2: from l5\n  skip\ngoto l3\n\nl3: from l2\n  skip\nexit" }
