{ "type" : "variable", "table" : [{ "id" : "a", "value" : "0" }, { "id" : "b", "value" : "1" }, { "id" : "c", "value" : "1" }] }
