An error occurred at (line 3, column 9): The entry must be at the beginning of the program.
