{ "type" : "code", "code" : "int a\nint t\nlist list list int t_\n\ninit t_ [3,3,3]\nif (null t_) then\n  skip\nelse\n  skip\nfi (1)\nt_[0,1,0] ^= 1\nfrom (t_[0,1,0]) do\n  if (t_[0,1,0]) then\n    swap t_[0,1,0] t_[1,1,1]\n  else\n  if (t_[1,1,1]) then\n    t += null a\n    a += null t\n    swap t_[1,1,1] t_[1,1,2]\n  else\n  if (t_[1,1,2]) then\n    swap t_[1,1,2] t_[1,2,0]\n  else\n  if (0) then\n    skip\n  else\n    skip\n  fi (1)\n  fi (t_[1,2,0])\n  fi (t_[1,1,2])\n  fi (t_[1,1,1])\nloop\n  skip\nuntil (t_[1,2,0])\nt_[1,2,0] ^= 1\nif (null t_) then\n  skip\nelse\n  skip\nfi (1)\nfree t_ [3,3,3]" }
