list int i
int n
list list int o

n -= o[5]
pop n i
n -= o[3,4]
pop n i
n -= o[2,1]
from (size o = 5) do
  pop i o
  from (size i = 6) do
    pop n i
    n -= size i + size o
  loop
    skip
  until (empty i)
loop
  skip
until (empty o)
