{ "type" : "type", "table" : [{ "id" : "i", "value" : "list  int" }, { "id" : "n", "value" : "int" }, { "id" : "o", "value" : "list  list  int" }] }
