{ "type" : "code", "code" : "list int i\nint n\nlist list int o\n\nn -= o[5]\npop n i\nn -= o[3,4]\npop n i\nn -= o[2,1]\nfrom (size o = 5) do\n  pop i o\n  from (size i = 6) do\n    pop n i\n    n -= size i + size o\n  loop\n    skip\n  until (empty i)\nloop\n  skip\nuntil (empty o)" }
