{ "type" : "error", "position" : { "line" : 19, "column" : 8 }, "message" : "A runtime error occurred at (line 19, column 8):\nIndex out of bounds" }
