int S
int s
int v
int y
list list list int y_

init y_ [5,5,3]
if (null y_) then
  skip
else
  skip
fi (1)
y_[0,1,0] ^= 1
from (y_[0,1,0]) do
  if (y_[0,1,0]) then
    swap y_[0,1,0] y_[1,1,1]
  else
  if (y_[1,1,1]) then
    y ^= 16400
    S ^= 10000
    y *= S
    swap y_[1,1,1] y_[1,1,2]
  else
  if (y_[1,1,2]) then
    swap y_[1,1,2] y_[1,2,0]
  else
  if (y_[1,2,0] || y_[2,2,0]) then
    if (y_[1,2,0]) then
      swap y_[1,2,0] y_[2,2,1]
    else
      swap y_[2,2,0] y_[2,2,1]
    fi (v = 0)
  else
  if (y_[2,2,1]) then
    y -= v / S
    v += 981
    s += 1
    swap y_[2,2,1] y_[2,2,2]
  else
  if (y_[2,2,2]) then
    if (y <= 0) then
      swap y_[2,2,2] y_[2,3,0]
    else
      swap y_[2,2,2] y_[2,2,0]
    fi (y_[2,3,0])
  else
  if (y_[2,3,0]) then
    swap y_[2,3,0] y_[3,3,1]
  else
  if (y_[3,3,1]) then
    swap y_[3,3,1] y_[3,3,2]
  else
  if (y_[3,3,2]) then
    swap y_[3,3,2] y_[3,4,0]
  else
  if (0) then
    skip
  else
    skip
  fi (1)
  fi (y_[3,4,0])
  fi (y_[3,3,2])
  fi (y_[3,3,1])
  fi (y_[2,3,0] || y_[2,2,0])
  fi (y_[2,2,2])
  fi (y_[2,2,1])
  fi (y_[1,2,0])
  fi (y_[1,1,2])
  fi (y_[1,1,1])
loop
  skip
until (y_[3,4,0])
y_[3,4,0] ^= 1
if (null y_) then
  skip
else
  skip
fi (1)
free y_ [5,5,3]
