{ "type" : "variable", "table" : [{ "id" : "l", "value" : "[9,8,7,6,5,4,3,2,1]" }, { "id" : "n", "value" : "10" }] }
