{ "type" : "type", "table" : [{ "id" : "N", "value" : "list  list  list  int" }] }
