A runtime error occurred at (line 7, column 1):
'a[4,1,4,2,4]' occurs on both sides of an update.
