{ "type" : "error", "position" : { "line" : 25, "column" : 3 }, "message" : "A runtime error occurred at (line 25, column 3):\nUpdate on 'lst[1 + 2]' contains the identifier itself." }
