list  list  list  int N

N[2,0,0] -= ^ (^ N[2])
free N [4,4,4]
