{ "type" : "code", "code" : "list list list list list int a\n\nl0: entry\n  skip\ngoto l1\n\nl1: from l0\n  init a [5,5,5,5,5]\ngoto l6\n\nl6: from l1\n  skip\ngoto l7\n\nl7: from l6\n  a[0,1,0,2,0] ^= 10\ngoto l4\n\nl4: from l7\n  skip\ngoto l5\n\nl5: from l4\n  a[0,1,0,2,0] += (top (top (top a)[1])[2])\ngoto l2\n\nl2: from l5\n  skip\ngoto l3\n\nl3: from l2\n  skip\nexit" }
