{ "type" : "code", "code" : "list list list int x\n\ninit x [3,3,3]\nif (null x) then\n  skip\nelse\n  skip\nfi (1)\nx[0,1,0] ^= 1\nfrom (x[0,1,0]) do\n  if (x[0,1,0]) then\n    swap x[0,1,0] x[1,1,1]\n  else\n  if (x[1,1,1]) then\n    skip\n    swap x[1,1,1] x[1,1,2]\n  else\n  if (x[1,1,2]) then\n    swap x[1,1,2] x[1,2,0]\n  else\n  if (0) then\n    skip\n  else\n    skip\n  fi (1)\n  fi (x[1,2,0])\n  fi (x[1,1,2])\n  fi (x[1,1,1])\nloop\n  skip\nuntil (x[1,2,0])\nx[1,2,0] ^= 1\nif (null x) then\n  skip\nelse\n  skip\nfi (1)\nfree x [3,3,3]" }
