{ "type" : "type", "table" : [{ "id" : "v", "value" : "int" }, { "id" : "w", "value" : "int" }] }
